<html>
<body>
<pre>
<h1>µVision Build Log</h1>
<h2>Tool Versions:</h2>
IDE-Version: µVision V5.26.2.0
Copyright (C) 2018 ARM Ltd and ARM Germany GmbH. All rights reserved.
License Information: Alan Mathias, USU, LIC=----
 
Tool Versions:
Toolchain:       MDK-Lite  Version: 5.26.2.0
Toolchain Path:  C:\Keil_v5\ARM\ARMCC\Bin
C Compiler:      Armcc.exe V5.06 update 6 (build 750)
Assembler:       Armasm.exe V5.06 update 6 (build 750)
Linker/Locator:  ArmLink.exe V5.06 update 6 (build 750)
Library Manager: ArmAr.exe V5.06 update 6 (build 750)
Hex Converter:   FromElf.exe V5.06 update 6 (build 750)
CPU DLL:         SARMCM3.DLL V5.26.2.0
Dialog DLL:      DCM.DLL V1.17.2.0
Target DLL:      STLink\ST-LINKIII-KEIL_SWO.dll V3.0.5.0
Dialog DLL:      TCM.DLL V1.36.1.0
 
<h2>Project:</h2>
C:\Users\Alan\Documents\School\microcontrollers\Final project\final-microcontrollers-project\code\lab04.uvprojx
Project File Date:  11/19/2018

<h2>Output:</h2>
*** Using Compiler 'V5.06 update 6 (build 750)', folder: 'C:\Keil_v5\ARM\ARMCC\Bin'
Build target 'Target 1'
compiling main.c...
stm32l476.h(57): warning:  #47-D: incompatible redefinition of macro "DBGMCU_BASE"  (declared at line 1300 of "stm32l476xx.h")
  #define DBGMCU_BASE     0xe0042000
stm32l476.h(59): warning:  #47-D: incompatible redefinition of macro "FMC_BASE"  (declared at line 1149 of "stm32l476xx.h")
  #define FMC_BASE        0xa0000000
stm32l476.h(60): warning:  #47-D: incompatible redefinition of macro "RNG_BASE"  (declared at line 1292 of "stm32l476xx.h")
  #define RNG_BASE        0x50060800
stm32l476.h(63): warning:  #47-D: incompatible redefinition of macro "GPIOH_BASE"  (declared at line 1282 of "stm32l476xx.h")
  #define GPIOH_BASE	0x48001c00
stm32l476.h(64): warning:  #47-D: incompatible redefinition of macro "GPIOG_BASE"  (declared at line 1281 of "stm32l476xx.h")
  #define GPIOG_BASE	0x48001800
stm32l476.h(65): warning:  #47-D: incompatible redefinition of macro "GPIOF_BASE"  (declared at line 1280 of "stm32l476xx.h")
  #define GPIOF_BASE	0x48001400
stm32l476.h(66): warning:  #47-D: incompatible redefinition of macro "GPIOE_BASE"  (declared at line 1279 of "stm32l476xx.h")
  #define GPIOE_BASE	0x48001000
stm32l476.h(67): warning:  #47-D: incompatible redefinition of macro "GPIOD_BASE"  (declared at line 1278 of "stm32l476xx.h")
  #define GPIOD_BASE	0x48000c00
stm32l476.h(68): warning:  #47-D: incompatible redefinition of macro "GPIOC_BASE"  (declared at line 1277 of "stm32l476xx.h")
  #define GPIOC_BASE	0x48000800
stm32l476.h(69): warning:  #47-D: incompatible redefinition of macro "GPIOB_BASE"  (declared at line 1276 of "stm32l476xx.h")
  #define GPIOB_BASE	0x48000400
stm32l476.h(70): warning:  #47-D: incompatible redefinition of macro "GPIOA_BASE"  (declared at line 1275 of "stm32l476xx.h")
  #define GPIOA_BASE	0x48000000
stm32l476.h(71): warning:  #47-D: incompatible redefinition of macro "TSC_BASE"  (declared at line 1251 of "stm32l476xx.h")
  #define TSC_BASE        0x40024000
stm32l476.h(72): warning:  #47-D: incompatible redefinition of macro "CRC_BASE"  (declared at line 1250 of "stm32l476xx.h")
  #define CRC_BASE	0x40023000
stm32l476.h(73): warning:  #47-D: incompatible redefinition of macro "FLASH_BASE"  (declared at line 1146 of "stm32l476xx.h")
  #define FLASH_BASE	0x40022000
stm32l476.h(74): warning:  #47-D: incompatible redefinition of macro "RCC_BASE"  (declared at line 1248 of "stm32l476xx.h")
  #define RCC_BASE	0x40021000
stm32l476.h(75): warning:  #47-D: incompatible redefinition of macro "DMA2_BASE"  (declared at line 1247 of "stm32l476xx.h")
  #define DMA2_BASE	0x40020400
stm32l476.h(76): warning:  #47-D: incompatible redefinition of macro "DMA1_BASE"  (declared at line 1246 of "stm32l476xx.h")
  #define DMA1_BASE	0x40020000
stm32l476.h(77): warning:  #47-D: incompatible redefinition of macro "DFSDM_BASE"  (declared at line 1231 of "stm32l476xx.h")
  #define DFSDM_BASE      0x40016000
stm32l476.h(78): warning:  #47-D: incompatible redefinition of macro "SAI2_BASE"  (declared at line 1228 of "stm32l476xx.h")
  #define SAI2_BASE       0x40015800
stm32l476.h(79): warning:  #47-D: incompatible redefinition of macro "SAI1_BASE"  (declared at line 1225 of "stm32l476xx.h")
  #define SAI1_BASE       0x40015400
stm32l476.h(80): warning:  #47-D: incompatible redefinition of macro "TIM17_BASE"  (declared at line 1224 of "stm32l476xx.h")
  #define TIM17_BASE      0x40014800
stm32l476.h(81): warning:  #47-D: incompatible redefinition of macro "TIM16_BASE"  (declared at line 1223 of "stm32l476xx.h")
  #define TIM16_BASE      0x40014400
stm32l476.h(82): warning:  #47-D: incompatible redefinition of macro "TIM15_BASE"  (declared at line 1222 of "stm32l476xx.h")
  #define TIM15_BASE      0x40014000
stm32l476.h(83): warning:  #47-D: incompatible redefinition of macro "USART1_BASE"  (declared at line 1221 of "stm32l476xx.h")
  #define USART1_BASE	0x40013800
stm32l476.h(84): warning:  #47-D: incompatible redefinition of macro "TIM8_BASE"  (declared at line 1220 of "stm32l476xx.h")
  #define TIM8_BASE       0x40013400
stm32l476.h(85): warning:  #47-D: incompatible redefinition of macro "SPI1_BASE"  (declared at line 1219 of "stm32l476xx.h")
  #define SPI1_BASE	0x40013000
stm32l476.h(86): warning:  #47-D: incompatible redefinition of macro "TIM1_BASE"  (declared at line 1218 of "stm32l476xx.h")
  #define TIM1_BASE       0x40012c00
stm32l476.h(87): warning:  #47-D: incompatible redefinition of macro "SDMMC1_BASE"  (declared at line 1217 of "stm32l476xx.h")
  #define SDMMC1_BASE     0x40012800
stm32l476.h(88): warning:  #47-D: incompatible redefinition of macro "FIREWALL_BASE"  (declared at line 1216 of "stm32l476xx.h")
  #define FIREWALL_BASE	0x40011c00
stm32l476.h(89): warning:  #47-D: incompatible redefinition of macro "EXTI_BASE"  (declared at line 1215 of "stm32l476xx.h")
  #define EXTI_BASE	0x40010400
stm32l476.h(91): warning:  #47-D: incompatible redefinition of macro "VREFBUF_BASE"  (declared at line 1212 of "stm32l476xx.h")
  #define VREFBUF_BASE    0x40010030
stm32l476.h(92): warning:  #47-D: incompatible redefinition of macro "SYSCFG_BASE"  (declared at line 1211 of "stm32l476xx.h")
  #define SYSCFG_BASE	0x40010000
stm32l476.h(93): warning:  #47-D: incompatible redefinition of macro "LPTIM2_BASE"  (declared at line 1207 of "stm32l476xx.h")
  #define LPTIM2_BASE     0x40009400
stm32l476.h(94): warning:  #47-D: incompatible redefinition of macro "SWPMI1_BASE"  (declared at line 1206 of "stm32l476xx.h")
  #define SWPMI1_BASE     0x40008800
stm32l476.h(95): warning:  #47-D: incompatible redefinition of macro "LPUART1_BASE"  (declared at line 1205 of "stm32l476xx.h")
  #define LPUART1_BASE    0x40008000
stm32l476.h(96): warning:  #47-D: incompatible redefinition of macro "LPTIM1_BASE"  (declared at line 1204 of "stm32l476xx.h")
  #define LPTIM1_BASE	0x40007c00
stm32l476.h(97): warning:  #47-D: incompatible redefinition of macro "OPAMP_BASE"  (declared at line 1201 of "stm32l476xx.h")
  #define OPAMP_BASE      0x40007800
stm32l476.h(98): warning:  #47-D: incompatible redefinition of macro "DAC_BASE"  (declared at line 1199 of "stm32l476xx.h")
  #define DAC_BASE        0x40007400
stm32l476.h(99): warning:  #47-D: incompatible redefinition of macro "PWR_BASE"  (declared at line 1198 of "stm32l476xx.h")
  #define PWR_BASE        0x40007000
stm32l476.h(100): warning:  #47-D: incompatible redefinition of macro "CAN1_BASE"  (declared at line 1197 of "stm32l476xx.h")
  #define CAN1_BASE       0x40006400
stm32l476.h(101): warning:  #47-D: incompatible redefinition of macro "I2C3_BASE"  (declared at line 1196 of "stm32l476xx.h")
  #define I2C3_BASE	0x40005c00
stm32l476.h(102): warning:  #47-D: incompatible redefinition of macro "I2C2_BASE"  (declared at line 1195 of "stm32l476xx.h")
  #define I2C2_BASE	0x40005800
stm32l476.h(103): warning:  #47-D: incompatible redefinition of macro "I2C1_BASE"  (declared at line 1194 of "stm32l476xx.h")
  #define I2C1_BASE	0x40005400
stm32l476.h(104): warning:  #47-D: incompatible redefinition of macro "UART5_BASE"  (declared at line 1193 of "stm32l476xx.h")
  #define UART5_BASE	0x40005000
stm32l476.h(105): warning:  #47-D: incompatible redefinition of macro "UART4_BASE"  (declared at line 1192 of "stm32l476xx.h")
  #define UART4_BASE	0x40004c00
stm32l476.h(106): warning:  #47-D: incompatible redefinition of macro "USART3_BASE"  (declared at line 1191 of "stm32l476xx.h")
  #define USART3_BASE	0x40004800
stm32l476.h(107): warning:  #47-D: incompatible redefinition of macro "USART2_BASE"  (declared at line 1190 of "stm32l476xx.h")
  #define USART2_BASE	0x40004400
stm32l476.h(108): warning:  #47-D: incompatible redefinition of macro "SPI3_BASE"  (declared at line 1189 of "stm32l476xx.h")
  #define SPI3_BASE       0x40003c00
stm32l476.h(109): warning:  #47-D: incompatible redefinition of macro "SPI2_BASE"  (declared at line 1188 of "stm32l476xx.h")
  #define SPI2_BASE	0x40003800
stm32l476.h(110): warning:  #47-D: incompatible redefinition of macro "IWDG_BASE"  (declared at line 1187 of "stm32l476xx.h")
  #define IWDG_BASE	0x40003000
stm32l476.h(111): warning:  #47-D: incompatible redefinition of macro "WWDG_BASE"  (declared at line 1186 of "stm32l476xx.h")
  #define WWDG_BASE	0x40002c00
stm32l476.h(112): warning:  #47-D: incompatible redefinition of macro "RTC_BASE"  (declared at line 1185 of "stm32l476xx.h")
  #define RTC_BASE	0x40002800
stm32l476.h(113): warning:  #47-D: incompatible redefinition of macro "LCD_BASE"  (declared at line 1184 of "stm32l476xx.h")
  #define LCD_BASE        0x40002400
stm32l476.h(114): warning:  #47-D: incompatible redefinition of macro "TIM7_BASE"  (declared at line 1183 of "stm32l476xx.h")
  #define TIM7_BASE	0x40001400
stm32l476.h(115): warning:  #47-D: incompatible redefinition of macro "TIM6_BASE"  (declared at line 1182 of "stm32l476xx.h")
  #define TIM6_BASE	0x40001000
stm32l476.h(116): warning:  #47-D: incompatible redefinition of macro "TIM5_BASE"  (declared at line 1181 of "stm32l476xx.h")
  #define TIM5_BASE	0x40000c00
stm32l476.h(117): warning:  #47-D: incompatible redefinition of macro "TIM4_BASE"  (declared at line 1180 of "stm32l476xx.h")
  #define TIM4_BASE	0x40000800
stm32l476.h(118): warning:  #47-D: incompatible redefinition of macro "TIM3_BASE"  (declared at line 1179 of "stm32l476xx.h")
  #define TIM3_BASE	0x40000400
stm32l476.h(119): warning:  #47-D: incompatible redefinition of macro "TIM2_BASE"  (declared at line 1178 of "stm32l476xx.h")
  #define TIM2_BASE	0x40000000
stm32l476.h(497): warning:  #47-D: incompatible redefinition of macro "DMA2_CSELR"  (declared at line 1434 of "stm32l476xx.h")
  #define DMA2_CSELR	REGISTER_32(DMA2_BASE + 0xa8)
stm32l476.h(531): warning:  #47-D: incompatible redefinition of macro "DMA1_CSELR"  (declared at line 1424 of "stm32l476xx.h")
  #define DMA1_CSELR	REGISTER_32(DMA1_BASE + 0xa8)
stm32l476.h(1117): warning:  #47-D: incompatible redefinition of macro "RTC_BKP0R"  (declared at line 6696 of "stm32l476xx.h")
  #define RTC_BKP0R       REGISTER_32(RTC_BASE + 0x50)
stm32l476.h(1118): warning:  #47-D: incompatible redefinition of macro "RTC_BKP1R"  (declared at line 6699 of "stm32l476xx.h")
  #define RTC_BKP1R       REGISTER_32(RTC_BASE + 0x54)
stm32l476.h(1119): warning:  #47-D: incompatible redefinition of macro "RTC_BKP2R"  (declared at line 6702 of "stm32l476xx.h")
  #define RTC_BKP2R       REGISTER_32(RTC_BASE + 0x58)
stm32l476.h(1120): warning:  #47-D: incompatible redefinition of macro "RTC_BKP3R"  (declared at line 6705 of "stm32l476xx.h")
  #define RTC_BKP3R       REGISTER_32(RTC_BASE + 0x5c)
stm32l476.h(1121): warning:  #47-D: incompatible redefinition of macro "RTC_BKP4R"  (declared at line 6708 of "stm32l476xx.h")
  #define RTC_BKP4R       REGISTER_32(RTC_BASE + 0x60)
stm32l476.h(1122): warning:  #47-D: incompatible redefinition of macro "RTC_BKP5R"  (declared at line 6711 of "stm32l476xx.h")
  #define RTC_BKP5R       REGISTER_32(RTC_BASE + 0x64)
stm32l476.h(1123): warning:  #47-D: incompatible redefinition of macro "RTC_BKP6R"  (declared at line 6714 of "stm32l476xx.h")
  #define RTC_BKP6R       REGISTER_32(RTC_BASE + 0x68)
stm32l476.h(1124): warning:  #47-D: incompatible redefinition of macro "RTC_BKP7R"  (declared at line 6717 of "stm32l476xx.h")
  #define RTC_BKP7R       REGISTER_32(RTC_BASE + 0x6c)
stm32l476.h(1125): warning:  #47-D: incompatible redefinition of macro "RTC_BKP8R"  (declared at line 6720 of "stm32l476xx.h")
  #define RTC_BKP8R       REGISTER_32(RTC_BASE + 0x70)
stm32l476.h(1126): warning:  #47-D: incompatible redefinition of macro "RTC_BKP9R"  (declared at line 6723 of "stm32l476xx.h")
  #define RTC_BKP9R       REGISTER_32(RTC_BASE + 0x74)
stm32l476.h(1127): warning:  #47-D: incompatible redefinition of macro "RTC_BKP10R"  (declared at line 6726 of "stm32l476xx.h")
  #define RTC_BKP10R      REGISTER_32(RTC_BASE + 0x78)
stm32l476.h(1128): warning:  #47-D: incompatible redefinition of macro "RTC_BKP11R"  (declared at line 6729 of "stm32l476xx.h")
  #define RTC_BKP11R      REGISTER_32(RTC_BASE + 0x7c)
stm32l476.h(1129): warning:  #47-D: incompatible redefinition of macro "RTC_BKP12R"  (declared at line 6732 of "stm32l476xx.h")
  #define RTC_BKP12R      REGISTER_32(RTC_BASE + 0x80)
stm32l476.h(1130): warning:  #47-D: incompatible redefinition of macro "RTC_BKP13R"  (declared at line 6735 of "stm32l476xx.h")
  #define RTC_BKP13R      REGISTER_32(RTC_BASE + 0x84)
stm32l476.h(1131): warning:  #47-D: incompatible redefinition of macro "RTC_BKP14R"  (declared at line 6738 of "stm32l476xx.h")
  #define RTC_BKP14R      REGISTER_32(RTC_BASE + 0x88)
stm32l476.h(1132): warning:  #47-D: incompatible redefinition of macro "RTC_BKP15R"  (declared at line 6741 of "stm32l476xx.h")
  #define RTC_BKP15R      REGISTER_32(RTC_BASE + 0x8c)
stm32l476.h(1133): warning:  #47-D: incompatible redefinition of macro "RTC_BKP16R"  (declared at line 6744 of "stm32l476xx.h")
  #define RTC_BKP16R      REGISTER_32(RTC_BASE + 0x90)
stm32l476.h(1134): warning:  #47-D: incompatible redefinition of macro "RTC_BKP17R"  (declared at line 6747 of "stm32l476xx.h")
  #define RTC_BKP17R      REGISTER_32(RTC_BASE + 0x94)
stm32l476.h(1135): warning:  #47-D: incompatible redefinition of macro "RTC_BKP18R"  (declared at line 6750 of "stm32l476xx.h")
  #define RTC_BKP18R      REGISTER_32(RTC_BASE + 0x98)
stm32l476.h(1136): warning:  #47-D: incompatible redefinition of macro "RTC_BKP19R"  (declared at line 6753 of "stm32l476xx.h")
  #define RTC_BKP19R      REGISTER_32(RTC_BASE + 0x9c)
stm32l476.h(1137): warning:  #47-D: incompatible redefinition of macro "RTC_BKP20R"  (declared at line 6756 of "stm32l476xx.h")
  #define RTC_BKP20R      REGISTER_32(RTC_BASE + 0xa0)
stm32l476.h(1138): warning:  #47-D: incompatible redefinition of macro "RTC_BKP21R"  (declared at line 6759 of "stm32l476xx.h")
  #define RTC_BKP21R      REGISTER_32(RTC_BASE + 0xa4)
stm32l476.h(1139): warning:  #47-D: incompatible redefinition of macro "RTC_BKP22R"  (declared at line 6762 of "stm32l476xx.h")
  #define RTC_BKP22R      REGISTER_32(RTC_BASE + 0xa8)
stm32l476.h(1140): warning:  #47-D: incompatible redefinition of macro "RTC_BKP23R"  (declared at line 6765 of "stm32l476xx.h")
  #define RTC_BKP23R      REGISTER_32(RTC_BASE + 0xac)
stm32l476.h(1141): warning:  #47-D: incompatible redefinition of macro "RTC_BKP24R"  (declared at line 6768 of "stm32l476xx.h")
  #define RTC_BKP24R      REGISTER_32(RTC_BASE + 0xb0)
stm32l476.h(1142): warning:  #47-D: incompatible redefinition of macro "RTC_BKP25R"  (declared at line 6771 of "stm32l476xx.h")
  #define RTC_BKP25R      REGISTER_32(RTC_BASE + 0xb4)
stm32l476.h(1143): warning:  #47-D: incompatible redefinition of macro "RTC_BKP26R"  (declared at line 6774 of "stm32l476xx.h")
  #define RTC_BKP26R      REGISTER_32(RTC_BASE + 0xb8)
stm32l476.h(1144): warning:  #47-D: incompatible redefinition of macro "RTC_BKP27R"  (declared at line 6777 of "stm32l476xx.h")
  #define RTC_BKP27R      REGISTER_32(RTC_BASE + 0xbc)
stm32l476.h(1145): warning:  #47-D: incompatible redefinition of macro "RTC_BKP28R"  (declared at line 6780 of "stm32l476xx.h")
  #define RTC_BKP28R      REGISTER_32(RTC_BASE + 0xc0)
stm32l476.h(1146): warning:  #47-D: incompatible redefinition of macro "RTC_BKP29R"  (declared at line 6783 of "stm32l476xx.h")
  #define RTC_BKP29R      REGISTER_32(RTC_BASE + 0xc4)
stm32l476.h(1147): warning:  #47-D: incompatible redefinition of macro "RTC_BKP30R"  (declared at line 6786 of "stm32l476xx.h")
  #define RTC_BKP30R      REGISTER_32(RTC_BASE + 0xc8)
stm32l476.h(1148): warning:  #47-D: incompatible redefinition of macro "RTC_BKP31R"  (declared at line 6789 of "stm32l476xx.h")
  #define RTC_BKP31R      REGISTER_32(RTC_BASE + 0xcc)
stm32l476.h(1289): warning:  #47-D: incompatible redefinition of macro "SCB_BASE"  (declared at line 1561 of "C:\Keil_v5\ARM\PACK\ARM\CMSIS\5.4.0\CMSIS\Include\core_cm4.h")
  #define SCB_BASE	0xe0000000
stm32l476.h(1290): warning:  #47-D: incompatible redefinition of macro "NVIC_BASE"  (declared at line 1560 of "C:\Keil_v5\ARM\PACK\ARM\CMSIS\5.4.0\CMSIS\Include\core_cm4.h")
  #define NVIC_BASE 	0xe000e100
main.c(132): warning:  #111-D: statement is unreachable
  	GPIOD_ODR |= BIT7; // Drive CS high
main.c(138): warning:  #550-D: variable "RValue"  was set but never used
  	short RValue;
main.c: 97 warnings, 0 errors
linking...
Program Size: Code=2360 RO-data=444 RW-data=4 ZI-data=1636  
".\Objects\lab04.axf" - 0 Error(s), 97 Warning(s).

<h2>Software Packages used:</h2>

Package Vendor: Keil
                http://www.keil.com/pack/Keil.STM32L4xx_DFP.2.0.0.pack
                Keil.STM32L4xx_DFP.2.0.0
                STMicroelectronics STM32L4 Series Device Support, Drivers and Examples

<h2>Collection of Component include folders:</h2>
  .\RTE\_Target_1
  C:\Keil_v5\ARM\PACK\Keil\STM32L4xx_DFP\2.0.0\Drivers\CMSIS\Device\ST\STM32L4xx\Include

<h2>Collection of Component Files used:</h2>
Build Time Elapsed:  00:00:01
</pre>
</body>
</html>
