<html>
<body>
<pre>
<h1>µVision Build Log</h1>
<h2>Tool Versions:</h2>
IDE-Version: µVision V5.26.2.0
Copyright (C) 2018 ARM Ltd and ARM Germany GmbH. All rights reserved.
License Information: Alan Mathias, USU, LIC=----
 
Tool Versions:
Toolchain:       MDK-Lite  Version: 5.26.2.0
Toolchain Path:  C:\Keil_v5\ARM\ARMCC\Bin
C Compiler:      Armcc.exe V5.06 update 6 (build 750)
Assembler:       Armasm.exe V5.06 update 6 (build 750)
Linker/Locator:  ArmLink.exe V5.06 update 6 (build 750)
Library Manager: ArmAr.exe V5.06 update 6 (build 750)
Hex Converter:   FromElf.exe V5.06 update 6 (build 750)
CPU DLL:         SARMCM3.DLL V5.26.2.0
Dialog DLL:      DCM.DLL V1.17.2.0
Target DLL:      STLink\ST-LINKIII-KEIL_SWO.dll V3.0.5.0
Dialog DLL:      TCM.DLL V1.36.1.0
 
<h2>Project:</h2>
C:\Users\Alan\Documents\School\microcontrollers\Final project\final-microcontrollers-project\code\lab04.uvprojx
Project File Date:  11/26/2018

<h2>Output:</h2>
*** Using Compiler 'V5.06 update 6 (build 750)', folder: 'C:\Keil_v5\ARM\ARMCC\Bin'
Build target 'Target 1'
compiling main.c...
main.c(92): warning:  #177-D: variable "gyro_y"  was declared but never referenced
  	int16_t gyro_x = 0, gyro_y = 0, gyro_z = 0;
main.c(92): warning:  #177-D: variable "gyro_z"  was declared but never referenced
  	int16_t gyro_x = 0, gyro_y = 0, gyro_z = 0;
main.c(93): warning:  #177-D: variable "agyro_x"  was declared but never referenced
  	int32_t agyro_x = 0, agyro_y = 0, agyro_z = 0; //average
main.c(93): warning:  #177-D: variable "agyro_y"  was declared but never referenced
  	int32_t agyro_x = 0, agyro_y = 0, agyro_z = 0; //average
main.c(93): warning:  #177-D: variable "agyro_z"  was declared but never referenced
  	int32_t agyro_x = 0, agyro_y = 0, agyro_z = 0; //average
main.c: 5 warnings, 0 errors
linking...
Program Size: Code=2050 RO-data=446 RW-data=8 ZI-data=1632  
".\Objects\lab04.axf" - 0 Error(s), 5 Warning(s).

<h2>Software Packages used:</h2>

Package Vendor: Keil
                http://www.keil.com/pack/Keil.STM32L4xx_DFP.2.0.0.pack
                Keil.STM32L4xx_DFP.2.0.0
                STMicroelectronics STM32L4 Series Device Support, Drivers and Examples

<h2>Collection of Component include folders:</h2>
  .\RTE\_Target_1
  C:\Keil_v5\ARM\PACK\Keil\STM32L4xx_DFP\2.0.0\Drivers\CMSIS\Device\ST\STM32L4xx\Include

<h2>Collection of Component Files used:</h2>
Build Time Elapsed:  00:00:01
</pre>
</body>
</html>
